
> frontend@0.1.0 build
> next build

node.exe : ΓÜá 
Warning: Next.js 
inferred your 
workspace root, but 
it may not be correct.
At C:\nvm4w\nodejs\npm
.ps1:29 char:3
+   & $NODE_EXE 
$NPM_CLI_JS $args
+   ~~~~~~~~~~~~~~~~~~
~~~~~~~~~~~
    + CategoryInfo    
          : 
NotSpecified: (Γ    
Üá Warning: Ne...not  
   be 
correct.:String) [    
], RemoteException
    + 
FullyQualifiedError   
 Id : 
NativeCommandErr    or
 
 We detected multiple 
lockfiles and 
selected the 
directory of D:\Code\p
ackage-lock.json as 
the root directory.
 To silence this 
warning, set 
`turbopack.root` in 
your Next.js config, 
or consider removing 
one of the lockfiles 
if it's not needed.
   See https://nextjs.
org/docs/app/api-refer
ence/config/next-confi
g-js/turbopack#root-di
rectory for more 
information.
 Detected additional 
lockfiles: 
   * D:\Code\DongHoTre
e\frontend\package-loc
k.json
   * D:\Code\DongHoTre
e\package-lock.json

Γû▓ Next.js 16.1.6 (Turbopack)

  Creating an optimized production build ...
Γ£ô Compiled successfully in 11.1s
  Running TypeScript ...
  Collecting page data using 7 workers ...
  Generating static pages using 7 workers (0/13) ...
  Generating static pages using 7 workers (3/13) 
  Generating static pages using 7 workers (6/13) 
  Generating static pages using 7 workers (9/13) 
Γ£ô Generating static pages using 7 workers (13/13) in 1381.6ms
  Finalizing page optimization ...

Route (app)
Γöî Γùï /
Γö£ Γùï /_not-found
Γö£ Γùï /admin/audit
Γö£ Γùï /admin/backup
Γö£ Γùï /admin/users
Γö£ Γùï /forgot-password
Γö£ Γùï /login
Γö£ Γùï /media
Γö£ Γùï /people
Γö£ ╞Æ /people/[handle]
Γö£ Γùï /register
Γöö Γùï /tree


Γùï  (Static)   prerendered as static content
╞Æ  (Dynamic)  server-rendered on demand

